1745640977.625489 client started (8285): version 3.5a, socket /private/tmp/tmux-501/default, protocol 8
1745640977.625552 on Darwin 24.4.0 Darwin Kernel Version 24.4.0: Fri Apr 11 18:33:40 PDT 2025; root:xnu-11417.101.15~117/RELEASE_ARM64_T6031
1745640977.625565 using libevent 2.1.12-stable select
1745640977.625944 using utf8proc 2.10.0
1745640977.625967 using ncurses 6.5 20240427
1745640977.626001 flags are 0x10010000
1745640977.626010 socket is /private/tmp/tmux-501/default
1745640977.626026 trying connect
1745640977.626119 add peer 0x138008000: 6 (0x0)
1745640977.628234 sending message 111 to peer 0x138008000 (8 bytes)
1745640977.628245 sending message 111 to peer 0x138008000 (8 bytes)
1745640977.628251 sending message 101 to peer 0x138008000 (16 bytes)
1745640977.628257 sending message 109 to peer 0x138008000 (4 bytes)
1745640977.628263 sending message 102 to peer 0x138008000 (13 bytes)
1745640977.628268 sending message 108 to peer 0x138008000 (27 bytes)
1745640977.628274 sending message 112 to peer 0x138008000 (70 bytes)
1745640977.628279 sending message 112 to peer 0x138008000 (5 bytes)
1745640977.628284 sending message 112 to peer 0x138008000 (5 bytes)
1745640977.628288 sending message 112 to peer 0x138008000 (6 bytes)
1745640977.628293 sending message 112 to peer 0x138008000 (6 bytes)
1745640977.628297 sending message 112 to peer 0x138008000 (11 bytes)
1745640977.628302 sending message 112 to peer 0x138008000 (10 bytes)
1745640977.628306 sending message 112 to peer 0x138008000 (13 bytes)
1745640977.628311 sending message 112 to peer 0x138008000 (13 bytes)
1745640977.628315 sending message 112 to peer 0x138008000 (18 bytes)
1745640977.628320 sending message 112 to peer 0x138008000 (11 bytes)
1745640977.628325 sending message 112 to peer 0x138008000 (21 bytes)
1745640977.628329 sending message 112 to peer 0x138008000 (13 bytes)
1745640977.628334 sending message 112 to peer 0x138008000 (7 bytes)
1745640977.628338 sending message 112 to peer 0x138008000 (13 bytes)
1745640977.628343 sending message 112 to peer 0x138008000 (7 bytes)
1745640977.628347 sending message 112 to peer 0x138008000 (13 bytes)
1745640977.628352 sending message 112 to peer 0x138008000 (9 bytes)
1745640977.628356 sending message 112 to peer 0x138008000 (21 bytes)
1745640977.628361 sending message 112 to peer 0x138008000 (13 bytes)
1745640977.628365 sending message 112 to peer 0x138008000 (8 bytes)
1745640977.628370 sending message 112 to peer 0x138008000 (12 bytes)
1745640977.628374 sending message 112 to peer 0x138008000 (13 bytes)
1745640977.628379 sending message 112 to peer 0x138008000 (9 bytes)
1745640977.628384 sending message 112 to peer 0x138008000 (9 bytes)
1745640977.628388 sending message 112 to peer 0x138008000 (12 bytes)
1745640977.628392 sending message 112 to peer 0x138008000 (8 bytes)
1745640977.628397 sending message 112 to peer 0x138008000 (7 bytes)
1745640977.628402 sending message 112 to peer 0x138008000 (7 bytes)
1745640977.628408 sending message 112 to peer 0x138008000 (9 bytes)
1745640977.628413 sending message 112 to peer 0x138008000 (13 bytes)
1745640977.628417 sending message 112 to peer 0x138008000 (9 bytes)
1745640977.628422 sending message 112 to peer 0x138008000 (15 bytes)
1745640977.628426 sending message 112 to peer 0x138008000 (13 bytes)
1745640977.628431 sending message 112 to peer 0x138008000 (12 bytes)
1745640977.628435 sending message 112 to peer 0x138008000 (8 bytes)
1745640977.628440 sending message 112 to peer 0x138008000 (14 bytes)
1745640977.628444 sending message 112 to peer 0x138008000 (9 bytes)
1745640977.628449 sending message 112 to peer 0x138008000 (10 bytes)
1745640977.628453 sending message 112 to peer 0x138008000 (10 bytes)
1745640977.628458 sending message 112 to peer 0x138008000 (10 bytes)
1745640977.628462 sending message 112 to peer 0x138008000 (10 bytes)
1745640977.628467 sending message 112 to peer 0x138008000 (11 bytes)
1745640977.628471 sending message 112 to peer 0x138008000 (10 bytes)
1745640977.628476 sending message 112 to peer 0x138008000 (8 bytes)
1745640977.628480 sending message 112 to peer 0x138008000 (11 bytes)
1745640977.628494 sending message 112 to peer 0x138008000 (11 bytes)
1745640977.628498 sending message 112 to peer 0x138008000 (11 bytes)
1745640977.628501 sending message 112 to peer 0x138008000 (8 bytes)
1745640977.628505 sending message 112 to peer 0x138008000 (8 bytes)
1745640977.628508 sending message 112 to peer 0x138008000 (8 bytes)
1745640977.628511 sending message 112 to peer 0x138008000 (10 bytes)
1745640977.628514 sending message 112 to peer 0x138008000 (10 bytes)
1745640977.628518 sending message 112 to peer 0x138008000 (10 bytes)
1745640977.628521 sending message 112 to peer 0x138008000 (10 bytes)
1745640977.628524 sending message 112 to peer 0x138008000 (10 bytes)
1745640977.628527 sending message 112 to peer 0x138008000 (11 bytes)
1745640977.628531 sending message 112 to peer 0x138008000 (11 bytes)
1745640977.628534 sending message 112 to peer 0x138008000 (10 bytes)
1745640977.628537 sending message 112 to peer 0x138008000 (9 bytes)
1745640977.628541 sending message 112 to peer 0x138008000 (9 bytes)
1745640977.628544 sending message 112 to peer 0x138008000 (12 bytes)
1745640977.628548 sending message 112 to peer 0x138008000 (9 bytes)
1745640977.628551 sending message 112 to peer 0x138008000 (6 bytes)
1745640977.628554 sending message 112 to peer 0x138008000 (13 bytes)
1745640977.628558 sending message 112 to peer 0x138008000 (8 bytes)
1745640977.628561 sending message 112 to peer 0x138008000 (15 bytes)
1745640977.628564 sending message 112 to peer 0x138008000 (13 bytes)
1745640977.628567 sending message 112 to peer 0x138008000 (70 bytes)
1745640977.628571 sending message 112 to peer 0x138008000 (69 bytes)
1745640977.628574 sending message 112 to peer 0x138008000 (10 bytes)
1745640977.628577 sending message 112 to peer 0x138008000 (8 bytes)
1745640977.628580 sending message 112 to peer 0x138008000 (15 bytes)
1745640977.628583 sending message 112 to peer 0x138008000 (13 bytes)
1745640977.628587 sending message 112 to peer 0x138008000 (10 bytes)
1745640977.628590 sending message 112 to peer 0x138008000 (10 bytes)
1745640977.628593 sending message 112 to peer 0x138008000 (5 bytes)
1745640977.628597 sending message 112 to peer 0x138008000 (15 bytes)
1745640977.628602 sending message 104 to peer 0x138008000 (0 bytes)
1745640977.628606 sending message 110 to peer 0x138008000 (0 bytes)
1745640977.628610 sending message 107 to peer 0x138008000 (4 bytes)
1745640977.628613 sending message 105 to peer 0x138008000 (41 bytes)
1745640977.628616 sending message 105 to peer 0x138008000 (95 bytes)
1745640977.628620 sending message 105 to peer 0x138008000 (20 bytes)
1745640977.628623 sending message 105 to peer 0x138008000 (22 bytes)
1745640977.628626 sending message 105 to peer 0x138008000 (26 bytes)
1745640977.628629 sending message 105 to peer 0x138008000 (29 bytes)
1745640977.628633 sending message 105 to peer 0x138008000 (57 bytes)
1745640977.628636 sending message 105 to peer 0x138008000 (75 bytes)
1745640977.628639 sending message 105 to peer 0x138008000 (36 bytes)
1745640977.628642 sending message 105 to peer 0x138008000 (76 bytes)
1745640977.628646 sending message 105 to peer 0x138008000 (19 bytes)
1745640977.628649 sending message 105 to peer 0x138008000 (37 bytes)
1745640977.628652 sending message 105 to peer 0x138008000 (30 bytes)
1745640977.628655 sending message 105 to peer 0x138008000 (34 bytes)
1745640977.628659 sending message 105 to peer 0x138008000 (60 bytes)
1745640977.628662 sending message 105 to peer 0x138008000 (17 bytes)
1745640977.628665 sending message 105 to peer 0x138008000 (53 bytes)
1745640977.628668 sending message 105 to peer 0x138008000 (38 bytes)
1745640977.628671 sending message 105 to peer 0x138008000 (17 bytes)
1745640977.628675 sending message 105 to peer 0x138008000 (8 bytes)
1745640977.628678 sending message 105 to peer 0x138008000 (15 bytes)
1745640977.628681 sending message 105 to peer 0x138008000 (50 bytes)
1745640977.628684 sending message 105 to peer 0x138008000 (32 bytes)
1745640977.628688 sending message 105 to peer 0x138008000 (96 bytes)
1745640977.628691 sending message 105 to peer 0x138008000 (54 bytes)
1745640977.628701 sending message 105 to peer 0x138008000 (157 bytes)
1745640977.628704 sending message 105 to peer 0x138008000 (53 bytes)
1745640977.628708 sending message 105 to peer 0x138008000 (16 bytes)
1745640977.628711 sending message 105 to peer 0x138008000 (27 bytes)
1745640977.628714 sending message 105 to peer 0x138008000 (62 bytes)
1745640977.628718 sending message 105 to peer 0x138008000 (29 bytes)
1745640977.628721 sending message 105 to peer 0x138008000 (11 bytes)
1745640977.628725 sending message 105 to peer 0x138008000 (1554 bytes)
1745640977.628728 sending message 105 to peer 0x138008000 (52 bytes)
1745640977.628732 sending message 105 to peer 0x138008000 (31 bytes)
1745640977.628735 sending message 105 to peer 0x138008000 (32 bytes)
1745640977.628738 sending message 105 to peer 0x138008000 (16 bytes)
1745640977.628741 sending message 105 to peer 0x138008000 (16 bytes)
1745640977.628745 sending message 105 to peer 0x138008000 (33 bytes)
1745640977.628748 sending message 105 to peer 0x138008000 (24 bytes)
1745640977.628751 sending message 105 to peer 0x138008000 (15 bytes)
1745640977.628754 sending message 105 to peer 0x138008000 (8 bytes)
1745640977.628758 sending message 105 to peer 0x138008000 (66 bytes)
1745640977.628761 sending message 105 to peer 0x138008000 (21 bytes)
1745640977.628764 sending message 105 to peer 0x138008000 (63 bytes)
1745640977.628767 sending message 105 to peer 0x138008000 (18 bytes)
1745640977.628770 sending message 105 to peer 0x138008000 (26 bytes)
1745640977.628774 sending message 105 to peer 0x138008000 (57 bytes)
1745640977.628777 sending message 105 to peer 0x138008000 (43 bytes)
1745640977.628780 sending message 105 to peer 0x138008000 (14 bytes)
1745640977.628784 sending message 105 to peer 0x138008000 (12 bytes)
1745640977.628787 sending message 105 to peer 0x138008000 (98 bytes)
1745640977.628790 sending message 105 to peer 0x138008000 (14 bytes)
1745640977.628794 sending message 105 to peer 0x138008000 (19 bytes)
1745640977.628797 sending message 105 to peer 0x138008000 (29 bytes)
1745640977.628800 sending message 105 to peer 0x138008000 (43 bytes)
1745640977.628803 sending message 105 to peer 0x138008000 (32 bytes)
1745640977.628806 sending message 105 to peer 0x138008000 (25 bytes)
1745640977.628810 sending message 106 to peer 0x138008000 (0 bytes)
1745640977.628874 sending message 200 to peer 0x138008000 (4 bytes)
1745640977.628880 client loop enter
1745640977.629052 peer 0x138008000 message 303
1745640977.629059 open write file 2 -
1745640977.629076 sending message 305 to peer 0x138008000 (8 bytes)
1745640977.629088 write check file 2
1745640977.629112 peer 0x138008000 message 304
1745640977.629116 write 58 to file 2
1745640977.629121 peer 0x138008000 message 203
1745640977.629124 file 2 58 bytes left
1745640977.629136 write check file 2
1745640977.629139 client loop exit
